// Jest Snapshot v1, https://goo.gl/fbAQLP

exports[`<ClientTestimonial /> renders correctly 1`] = `
<section
  class="sc-gZMcBi fwbGBT"
>
  <div
    class="sc-htpNat toUCL"
  >
    <div
      class="sc-bwzfXH egEeOi"
    >
      <div
        class="sc-bwzfXH bXntSd"
      >
        <div
          class="sc-ifAKCX dJZmHe"
        >
          <div
            class="sc-bxivhb ljCSNa"
            width="1,1,1,1,0.5,0.5,0.4166666666666667"
          >
            <h2
              class="sc-EHOje hObgUw"
            >
              Testimonial Video Title
            </h2>
          </div>
        </div>
      </div>
      <div
        class="sc-fjdhpX gNHsWM"
      >
        <div
          class="sc-bxivhb bXsrfg"
          width="1,1,1,0.8333333333333334"
        >
          <div
            class="sc-VigVT jFeVeN"
            height="480"
            width="854"
          >
            <iframe
              allow="accelerometer; autoplay; encrypted-media; gyroscope; picture-in-picture"
              allowfullscreen=""
              class="sc-jTzLTM kxEMrN"
              frameborder="0"
              src="https://www.youtube.com/watch?v=Jv5J6a7QJug"
            />
          </div>
        </div>
      </div>
    </div>
  </div>
</section>
`;
