// Jest Snapshot v1, https://goo.gl/fbAQLP

exports[`ClientTestimonial renders correctly 1`] = `
<div
  className="sc-htpNat toUCL"
>
  <div
    className="sc-bwzfXH egEeOi"
  >
    <div
      className="sc-bwzfXH bXntSd"
    >
      <h2
        className="sc-EHOje hObgUw"
      >
        Technology partnerships
      </h2>
    </div>
    <div
      className="sc-ifAKCX dJZmHe"
    >
      <div
        className="sc-gqjmRU jgkcLp sc-bxivhb bvhjTU"
        width={
          Array [
            0.5,
            0.5,
            0.5,
            0.5,
            0.3333333333333333,
            0.25,
          ]
        }
      >
        <a
          href="https://foundation.nodejs.org/"
          onClick={[Function]}
          rel="noopener noreferrer"
          target="_blank"
          title="nodeJS"
        >
          <img
            className="sc-gZMcBi eFAVvK"
            src="img1.jpg"
            style={
              Object {
                "filter": "grayscale(1)",
                "saturate": "0",
              }
            }
            width="250px"
          />
        </a>
      </div>
      <div
        className="sc-gqjmRU jgkcLp sc-bxivhb bvhjTU"
        width={
          Array [
            0.5,
            0.5,
            0.5,
            0.5,
            0.3333333333333333,
            0.25,
          ]
        }
      >
        <a
          href="https://aws.amazon.com/pt/"
          onClick={[Function]}
          rel="noopener noreferrer"
          target="_blank"
          title="aws"
        >
          <img
            className="sc-gZMcBi eFAVvK"
            src="img2.jpg"
            style={
              Object {
                "filter": "grayscale(1)",
                "saturate": "0",
              }
            }
            width="250px"
          />
        </a>
      </div>
      <div
        className="sc-gqjmRU jgkcLp sc-bxivhb bvhjTU"
        width={
          Array [
            0.5,
            0.5,
            0.5,
            0.5,
            0.3333333333333333,
            0.25,
          ]
        }
      >
        <img
          className="sc-gZMcBi dhwgne"
          src="img3.jpg"
          style={
            Object {
              "filter": "grayscale(1)",
              "saturate": "0",
            }
          }
          title="another partner"
        />
      </div>
    </div>
  </div>
</div>
`;
