// Jest Snapshot v1, https://goo.gl/fbAQLP

exports[`<Partners /> renders correctly 1`] = `
<div
  class="sc-htpNat toUCL"
>
  <div
    class="sc-bwzfXH egEeOi"
  >
    <div
      class="sc-bwzfXH bXntSd"
    >
      <h2
        class="sc-EHOje hObgUw"
      >
        Technology partnerships
      </h2>
    </div>
    <div
      class="sc-ifAKCX dJZmHe"
    >
      <div
        class="sc-gqjmRU jgkcLp sc-bxivhb bvhjTU"
        width="0.5,0.5,0.5,0.5,0.3333333333333333,0.25"
      >
        <a
          href="https://foundation.nodejs.org/"
          rel="noopener noreferrer"
          target="_blank"
          title="nodeJS"
        >
          <img
            class="sc-gZMcBi eFAVvK"
            src="img1.jpg"
            style="filter: grayscale(1);"
            width="250px"
          />
        </a>
      </div>
      <div
        class="sc-gqjmRU jgkcLp sc-bxivhb bvhjTU"
        width="0.5,0.5,0.5,0.5,0.3333333333333333,0.25"
      >
        <a
          href="https://aws.amazon.com/pt/"
          rel="noopener noreferrer"
          target="_blank"
          title="aws"
        >
          <img
            class="sc-gZMcBi eFAVvK"
            src="img2.jpg"
            style="filter: grayscale(1);"
            width="250px"
          />
        </a>
      </div>
      <div
        class="sc-gqjmRU jgkcLp sc-bxivhb bvhjTU"
        width="0.5,0.5,0.5,0.5,0.3333333333333333,0.25"
      >
        <img
          alt="another partner"
          class="sc-gZMcBi dhwgne"
          style="filter: grayscale(1);"
          title="another partner"
        />
      </div>
    </div>
  </div>
</div>
`;
