// Jest Snapshot v1, https://goo.gl/fbAQLP

exports[`<StaffCard /> renders correctly 1`] = `
<div
  class="sc-bwzfXH llXZFL"
  width="1,1,1,1,0.5,0.3333333333333333"
>
  <div
    class="sc-ifAKCX glTJYn"
  >
    <div
      class="sc-ifAKCX iSGemK"
    >
      <img
        class="sc-gZMcBi dhwgne"
        src="img1.jpg"
        width="100%"
      />
    </div>
    <h3
      class="sc-htoDjs hHzTme"
    >
      Nuno Job
    </h3>
    <div
      class="sc-ifAKCX cCGtBF"
    >
      <h3
        class="sc-htoDjs lnaRzG"
      >
        Co-founder & Chief Executive Officer - YLD
      </h3>
    </div>
    <p
      class="sc-jTzLTM hhhpkm"
    >
      Nuno is the Co-founder and CEO of YLD Group. Previously he was the Chief Commercial Officer at Nodejitsu, where he was responsible for the world's largest Node.js cloud, providing extensive contributions to the success of Node.js. Nuno's formative work years were spent in the USA at IBM Research and MarkLogic. He is also a proud Stanford alumni.
    </p>
    <div
      class="sc-VigVT fkYcKR"
    >
      <a
        class="sc-gqjmRU kqkEpH"
        href="https://www.linkedin.com/in/nunojob/"
        rel="noopener noreferrer"
        target="_blank"
        title="Nuno Job Linkedin account"
      >
        <img
          alt="Nuno Job Linkedin"
          class="sc-gZMcBi gUkkRN"
          height="24px"
          src="//images.ctfassets.net/22g1lenhck4z/3uuYxyNek0bMtaGIwoXFei/586067fb0cf887cbf18bcb12588bda71/linkedin-icon.svg"
          width="24px"
        />
      </a>
    </div>
  </div>
</div>
`;
