// Jest Snapshot v1, https://goo.gl/fbAQLP

exports[`<Subsidiaries /> renders correctly 1`] = `
<section
  class="sc-htpNat kTITTC"
>
  <div
    class="sc-ifAKCX fNdEAU"
  >
    <div
      class="sc-bwzfXH egEeOi"
    >
      <div
        class="sc-bwzfXH bXntSd"
      >
        <h2
          class="sc-gzVnrw fVwVDk"
        >
          Subsidiary list
        </h2>
      </div>
      <div
        class="sc-bZQynM bpRocm"
      >
        <div
          class="sc-jzJRlG eJgUio sc-EHOje hrXkuj"
          width="1,1,1,1,0.5"
        >
          <div
            class="sc-jzJRlG eJgUio sc-EHOje gpWbXn"
            width="1,1,1,1,1,0.8333333333333334"
          >
            <img
              class="sc-bxivhb jCFvnb"
              src="img1.jpg"
              width="250px"
            />
            <p
              class="sc-gqjmRU dWgBql"
            />
            <a
              class="sc-fjdhpX hlqWMS"
              href="https://www.subs1.com"
              rel="noopener noreferrer"
              target="_blank"
            >
              Subs1
            </a>
          </div>
        </div>
      </div>
    </div>
  </div>
</section>
`;
