// Jest Snapshot v1, https://goo.gl/fbAQLP

exports[`Storyshots Grid Rows and Colums (some combinations) 1`] = `
.c1 {
  max-width: calc(100% - 48px);
  position: relative;
  margin-left: auto;
  margin-right: auto;
  padding-left: 0;
  padding-right: 0;
}

.c3 {
  -webkit-flex-wrap: wrap;
  -ms-flex-wrap: wrap;
  flex-wrap: wrap;
  position: relative;
  overflow: hidden;
  padding-left: 0;
  padding-right: 0;
  width: 100%;
  position: initial;
  top: 0;
  left: 0;
  display: block;
  display: -webkit-box;
  display: -webkit-flex;
  display: -ms-flexbox;
  display: flex;
  display: block;
}

.c5 {
  -webkit-flex-wrap: wrap;
  -ms-flex-wrap: wrap;
  flex-wrap: wrap;
  position: relative;
  overflow: hidden;
  padding-left: 0;
  padding-right: 0;
  width: 100%;
  position: initial;
  top: 0;
  left: 0;
  display: block;
  display: -webkit-box;
  display: -webkit-flex;
  display: -ms-flexbox;
  display: flex;
  display: block;
}

.c7 {
  -webkit-flex-wrap: wrap;
  -ms-flex-wrap: wrap;
  flex-wrap: wrap;
  position: relative;
  overflow: hidden;
  padding-left: 0;
  padding-right: 0;
  width: 100%;
  position: initial;
  top: 0;
  left: 0;
  display: block;
  display: -webkit-box;
  display: -webkit-flex;
  display: -ms-flexbox;
  display: flex;
  display: block;
}

.c6 {
  -webkit-flex-wrap: wrap;
  -ms-flex-wrap: wrap;
  flex-wrap: wrap;
  position: relative;
  overflow: hidden;
  padding-left: 0;
  padding-right: 0;
  width: 100%;
  position: initial;
  top: 0;
  left: 0;
  display: block;
  display: -webkit-box;
  display: -webkit-flex;
  display: -ms-flexbox;
  display: flex;
  display: block;
}

.c9 {
  -webkit-flex-wrap: wrap;
  -ms-flex-wrap: wrap;
  flex-wrap: wrap;
  position: relative;
  overflow: hidden;
  padding-left: 0;
  padding-right: 0;
  width: 100%;
  position: initial;
  top: 0;
  left: 0;
  display: block;
  display: -webkit-box;
  display: -webkit-flex;
  display: -ms-flexbox;
  display: flex;
  display: block;
}

.c2 {
  -webkit-flex-wrap: wrap;
  -ms-flex-wrap: wrap;
  flex-wrap: wrap;
  position: relative;
  overflow: hidden;
  margin-left: 0;
  margin-right: 0;
  display: -webkit-box;
  display: -webkit-flex;
  display: -ms-flexbox;
  display: flex;
}

.c8 {
  -webkit-flex-wrap: wrap;
  -ms-flex-wrap: wrap;
  flex-wrap: wrap;
  position: relative;
  overflow: hidden;
  margin-left: 0;
  margin-right: 0;
  display: -webkit-box;
  display: -webkit-flex;
  display: -ms-flexbox;
  display: flex;
  -webkit-box-pack: justify;
  -webkit-justify-content: space-between;
  -ms-flex-pack: justify;
  justify-content: space-between;
}

.c0 {
  margin-top: 1.5rem;
  margin-bottom: 1.5rem;
  width: 100%;
}

.c4 {
  width: 100%;
  height: 300px;
  margin: 20px 0;
  background: #d8fff7;
  border: 1px solid #31ffde;
}

@media (min-width:29.4375em) {
  .c1 {
    max-width: calc(100% - 72px);
  }
}

@media (min-width:34.5625em) {
  .c1 {
    max-width: 480px;
  }
}

@media (min-width:43.8125em) {
  .c1 {
    max-width: none;
  }
}

@media (min-width:74.8125em) {
  .c1 {
    max-width: 1100px;
  }
}

@media screen and (min-width:29.4375rem) {
  .c1 {
    padding-left: 0;
    padding-right: 0;
  }
}

@media screen and (min-width:34.5625rem) {
  .c1 {
    padding-left: 0;
    padding-right: 0;
  }
}

@media screen and (min-width:43.8125rem) {
  .c1 {
    padding-left: 2.625rem;
    padding-right: 2.625rem;
  }
}

@media screen and (min-width:56.3125rem) {
  .c1 {
    padding-left: 3rem;
    padding-right: 3rem;
  }
}

@media screen and (min-width:74.8125rem) {
  .c1 {
    padding-left: 0;
    padding-right: 0;
  }
}

@media screen and (min-width:29.4375rem) {
  .c3 {
    padding-left: 0;
    padding-right: 0;
  }
}

@media screen and (min-width:34.5625rem) {
  .c3 {
    padding-left: 0;
    padding-right: 0;
  }
}

@media screen and (min-width:43.8125rem) {
  .c3 {
    padding-left: 1.3125rem;
    padding-right: 1.3125rem;
  }
}

@media screen and (min-width:56.3125rem) {
  .c3 {
    padding-left: 1.5rem;
    padding-right: 1.5rem;
  }
}

@media screen and (min-width:74.8125rem) {
  .c3 {
    padding-left: 1.5rem;
    padding-right: 1.5rem;
  }
}

@media screen and (min-width:29.4375rem) {
  .c5 {
    padding-left: 0;
    padding-right: 0;
  }
}

@media screen and (min-width:34.5625rem) {
  .c5 {
    padding-left: 0;
    padding-right: 0;
  }
}

@media screen and (min-width:43.8125rem) {
  .c5 {
    padding-left: 1.3125rem;
    padding-right: 1.3125rem;
  }
}

@media screen and (min-width:56.3125rem) {
  .c5 {
    padding-left: 1.5rem;
    padding-right: 1.5rem;
  }
}

@media screen and (min-width:74.8125rem) {
  .c5 {
    padding-left: 1.5rem;
    padding-right: 1.5rem;
  }
}

@media screen and (min-width:29.4375rem) {
  .c5 {
    width: 100%;
    position: initial;
    top: 0;
    left: 0;
  }
}

@media screen and (min-width:34.5625rem) {
  .c5 {
    width: 100%;
    position: initial;
    top: 0;
    left: 0;
  }
}

@media screen and (min-width:43.8125rem) {
  .c5 {
    width: 50%;
    position: initial;
    top: 0;
    left: 0;
  }
}

@media screen and (min-width:29.4375rem) {
  .c7 {
    padding-left: 0;
    padding-right: 0;
  }
}

@media screen and (min-width:34.5625rem) {
  .c7 {
    padding-left: 0;
    padding-right: 0;
  }
}

@media screen and (min-width:43.8125rem) {
  .c7 {
    padding-left: 1.3125rem;
    padding-right: 1.3125rem;
  }
}

@media screen and (min-width:56.3125rem) {
  .c7 {
    padding-left: 1.5rem;
    padding-right: 1.5rem;
  }
}

@media screen and (min-width:74.8125rem) {
  .c7 {
    padding-left: 1.5rem;
    padding-right: 1.5rem;
  }
}

@media screen and (min-width:29.4375rem) {
  .c7 {
    width: 100%;
    position: initial;
    top: 0;
    left: 0;
  }
}

@media screen and (min-width:34.5625rem) {
  .c7 {
    width: 100%;
    position: initial;
    top: 0;
    left: 0;
  }
}

@media screen and (min-width:43.8125rem) {
  .c7 {
    width: 33.33333333333333%;
    position: initial;
    top: 0;
    left: 0;
  }
}

@media screen and (min-width:29.4375rem) {
  .c6 {
    padding-left: 0;
    padding-right: 0;
  }
}

@media screen and (min-width:34.5625rem) {
  .c6 {
    padding-left: 0;
    padding-right: 0;
  }
}

@media screen and (min-width:43.8125rem) {
  .c6 {
    padding-left: 1.3125rem;
    padding-right: 1.3125rem;
  }
}

@media screen and (min-width:56.3125rem) {
  .c6 {
    padding-left: 1.5rem;
    padding-right: 1.5rem;
  }
}

@media screen and (min-width:74.8125rem) {
  .c6 {
    padding-left: 1.5rem;
    padding-right: 1.5rem;
  }
}

@media screen and (min-width:29.4375rem) {
  .c6 {
    width: 100%;
    position: initial;
    top: 0;
    left: 0;
  }
}

@media screen and (min-width:34.5625rem) {
  .c6 {
    width: 100%;
    position: initial;
    top: 0;
    left: 0;
  }
}

@media screen and (min-width:43.8125rem) {
  .c6 {
    width: 66.66666666666666%;
    position: initial;
    top: 0;
    left: 0;
  }
}

@media screen and (min-width:29.4375rem) {
  .c9 {
    padding-left: 0;
    padding-right: 0;
  }
}

@media screen and (min-width:34.5625rem) {
  .c9 {
    padding-left: 0;
    padding-right: 0;
  }
}

@media screen and (min-width:43.8125rem) {
  .c9 {
    padding-left: 1.3125rem;
    padding-right: 1.3125rem;
  }
}

@media screen and (min-width:56.3125rem) {
  .c9 {
    padding-left: 1.5rem;
    padding-right: 1.5rem;
  }
}

@media screen and (min-width:74.8125rem) {
  .c9 {
    padding-left: 1.5rem;
    padding-right: 1.5rem;
  }
}

@media screen and (min-width:29.4375rem) {
  .c9 {
    width: 100%;
    position: initial;
    top: 0;
    left: 0;
  }
}

@media screen and (min-width:34.5625rem) {
  .c9 {
    width: 100%;
    position: initial;
    top: 0;
    left: 0;
  }
}

@media screen and (min-width:43.8125rem) {
  .c9 {
    width: 25%;
    position: initial;
    top: 0;
    left: 0;
  }
}

@media screen and (min-width:29.4375rem) {
  .c2 {
    margin-left: 0;
    margin-right: 0;
  }
}

@media screen and (min-width:34.5625rem) {
  .c2 {
    margin-left: 0;
    margin-right: 0;
  }
}

@media screen and (min-width:43.8125rem) {
  .c2 {
    margin-left: -1.3125rem;
    margin-right: -1.3125rem;
  }
}

@media screen and (min-width:56.3125rem) {
  .c2 {
    margin-left: -1.5rem;
    margin-right: -1.5rem;
  }
}

@media screen and (min-width:74.8125rem) {
  .c2 {
    margin-left: -1.5rem;
    margin-right: -1.5rem;
  }
}

@media screen and (min-width:29.4375rem) {
  .c8 {
    margin-left: 0;
    margin-right: 0;
  }
}

@media screen and (min-width:34.5625rem) {
  .c8 {
    margin-left: 0;
    margin-right: 0;
  }
}

@media screen and (min-width:43.8125rem) {
  .c8 {
    margin-left: -1.3125rem;
    margin-right: -1.3125rem;
  }
}

@media screen and (min-width:56.3125rem) {
  .c8 {
    margin-left: -1.5rem;
    margin-right: -1.5rem;
  }
}

@media screen and (min-width:74.8125rem) {
  .c8 {
    margin-left: -1.5rem;
    margin-right: -1.5rem;
  }
}

<div
  className="c0"
>
  <div
    className="c1"
  >
    <div
      className="c2"
    >
      <div
        className="c3"
        width={
          Array [
            1,
          ]
        }
      >
        <div
          className="c4"
        />
      </div>
    </div>
    <div
      className="c2"
    >
      <div
        className="c5"
        width={
          Array [
            1,
            1,
            1,
            1,
            0.5,
          ]
        }
      >
        <div
          className="c4"
        />
      </div>
      <div
        className="c5"
        width={
          Array [
            1,
            1,
            1,
            1,
            0.5,
          ]
        }
      >
        <div
          className="c4"
        />
      </div>
    </div>
    <div
      className="c2"
    >
      <div
        className="c6"
        width={
          Array [
            1,
            1,
            1,
            1,
            0.6666666666666666,
          ]
        }
      >
        <div
          className="c4"
        />
      </div>
      <div
        className="c7"
        width={
          Array [
            1,
            1,
            1,
            1,
            0.3333333333333333,
          ]
        }
      >
        <div
          className="c4"
        />
      </div>
    </div>
    <div
      className="c8"
    >
      <div
        className="c7"
        width={
          Array [
            1,
            1,
            1,
            1,
            0.3333333333333333,
          ]
        }
      >
        <div
          className="c4"
        />
      </div>
      <div
        className="c5"
        width={
          Array [
            1,
            1,
            1,
            1,
            0.5,
          ]
        }
      >
        <div
          className="c4"
        />
      </div>
    </div>
    <div
      className="c2"
    >
      <div
        className="c7"
        width={
          Array [
            1,
            1,
            1,
            1,
            0.3333333333333333,
          ]
        }
      >
        <div
          className="c4"
        />
      </div>
      <div
        className="c7"
        width={
          Array [
            1,
            1,
            1,
            1,
            0.3333333333333333,
          ]
        }
      >
        <div
          className="c4"
        />
      </div>
      <div
        className="c7"
        width={
          Array [
            1,
            1,
            1,
            1,
            0.3333333333333333,
          ]
        }
      >
        <div
          className="c4"
        />
      </div>
    </div>
    <div
      className="c2"
    >
      <div
        className="c9"
        width={
          Array [
            1,
            1,
            1,
            1,
            0.25,
          ]
        }
      >
        <div
          className="c4"
        />
      </div>
      <div
        className="c9"
        width={
          Array [
            1,
            1,
            1,
            1,
            0.25,
          ]
        }
      >
        <div
          className="c4"
        />
      </div>
      <div
        className="c9"
        width={
          Array [
            1,
            1,
            1,
            1,
            0.25,
          ]
        }
      >
        <div
          className="c4"
        />
      </div>
      <div
        className="c9"
        width={
          Array [
            1,
            1,
            1,
            1,
            0.25,
          ]
        }
      >
        <div
          className="c4"
        />
      </div>
    </div>
  </div>
</div>
`;
