// Jest Snapshot v1, https://goo.gl/fbAQLP

exports[`<CaseStudy /> renders ServiceList correctly 1`] = `
<a
  href="/engineering"
>
  Engineering
</a>
`;

exports[`<CaseStudy /> renders correctly 1`] = `
<div
  class="sc-htpNat bwUsJ"
>
  <div
    class="sc-fjdhpX jtYOHt sc-bwzfXH bUbEwm"
    width="1,1,1,1,0,0,0"
  >
    <div
      class="sc-ifAKCX MQggx"
    >
      <p
        class="sc-jTzLTM gZBukD"
      >
        <a
          href="/engineering"
        >
          Engineering
        </a>
         & 
        <a
          href="/design"
        >
          Design
        </a>
      </p>
      <a
        href="/case-study/reinforcing-the-Thomas-Cook-architecture"
      >
        <h2
          class="sc-gZMcBi ifjIgb"
        >
          Example Case Study
        </h2>
      </a>
    </div>
  </div>
  <div
    class="sc-bwzfXH kCZvll"
    width="1,1,1,1,0.4166666666666667,0.3333333333333333,0.3333333333333333"
  >
    <div
      class="sc-ifAKCX MQggx"
    >
      <a
        href="/case-study/reinforcing-the-Thomas-Cook-architecture"
      >
        <img
          alt="example"
          class="sc-htoDjs bXrisP"
        />
      </a>
    </div>
  </div>
  <div
    class="sc-jzJRlG hBZnoa sc-bwzfXH epgmCt"
    width="0,0,0,0,0.5833333333333334,0.5"
  >
    <div
      class="sc-ifAKCX MQggx"
    >
      <p
        class="sc-jTzLTM gZBukD"
      >
        <a
          href="/engineering"
        >
          Engineering
        </a>
         & 
        <a
          href="/design"
        >
          Design
        </a>
      </p>
      <a
        href="/case-study/reinforcing-the-Thomas-Cook-architecture"
      >
        <h2
          class="sc-gZMcBi ifjIgb"
        >
          Example Case Study
        </h2>
      </a>
    </div>
    <div
      class="sc-ifAKCX kEdiyc"
    >
      <p
        class="sc-jTzLTM lfyrei"
      >
        This is a case-study example
      </p>
    </div>
    <a
      aria-label="Learn more about Example Case Study"
      class="sc-bZQynM gofqbW"
      data-event="learn-more-cta"
      href="/case-study/reinforcing-the-Thomas-Cook-architecture"
      title="Learn more about Example Case Study"
    >
      Learn more
    </a>
  </div>
  <div
    class="sc-fjdhpX jtYOHt sc-bwzfXH bUbEwm"
    width="1,1,1,1,0,0,0"
  >
    <div
      class="sc-ifAKCX kEdiyc"
    >
      <p
        class="sc-jTzLTM lfyrei"
      >
        This is a case-study example
      </p>
    </div>
    <a
      aria-label="Learn more about Example Case Study"
      class="sc-bZQynM gofqbW"
      data-event="learn-more-cta"
      href="/case-study/reinforcing-the-Thomas-Cook-architecture"
      title="Learn more about Example Case Study"
    >
      Learn more
    </a>
  </div>
</div>
`;
